// Jest Snapshot v1, https://goo.gl/fbAQLP

exports[`Card snapshot 1`] = `
<div
  className="card"
>
  <figure
    className="card-figure"
  >
    <Link
      className="card-image-link"
      to="#"
    >
      <img
        alt="Image of women in a dress"
        className=" card-image card-image-normal"
        src="./img/products/01.0.jpg"
      />
      <img
        alt="Image of women in a dress"
        className="card-image  card-image-alt"
        src="./img/products/01.1.jpg"
      />
    </Link>
    <figcaption
      className="fig-caption"
    >
      <Button
        onClick={[Function]}
      />
      <CardModal
        imagesSources={
          Array [
            Object {
              "backgroundColor": "url(\\"https://cdn11.bigcommerce.com/s-3y69bgeked/images/stencil/768w/attribute_value_images/73764.preview.jpg?t=1630492842)\\"",
              "imgAlt": "Image of women in a dress",
              "src": "./img/products/01.0.jpg",
              "srcHover": "./img/products/01.1.jpg",
              "text": "$44.00",
              "title": "Fiercely Fabulous Leopard Ruched Mini Dress",
            },
          ]
        }
        open={false}
        setIsModalOpen={[Function]}
      />
    </figcaption>
  </figure>
  <div
    className="card-body"
  >
    <Link
      to="#"
    >
      <h4
        className="card-title"
      />
    </Link>
    <p
      className="card-text"
    />
  </div>
  <div
    className="card-swatches"
  >
    <div
      className="radio"
      key="0"
    >
      <input
        id="radio1"
        name="swatch"
        onClick={[Function]}
        type="radio"
        value={0}
      />
      <label
        className="radio-label"
        htmlFor=""
        id="radio1"
      >
        <span
          style={
            Object {
              "background": "url(\\"https://cdn11.bigcommerce.com/s-3y69bgeked/images/stencil/768w/attribute_value_images/73764.preview.jpg?t=1630492842)\\"",
            }
          }
        />
      </label>
    </div>
  </div>
</div>
`;

exports[`Card snapshot 2`] = `
<div
  className="card"
>
  <figure
    className="card-figure"
  >
    <Link
      className="card-image-link"
      to="#"
    >
      <img
        alt="Image of women in a dress"
        className=" card-image card-image-normal"
        src="./img/products/01.0.jpg"
      />
      <img
        alt="Image of women in a dress"
        className="card-image  card-image-alt"
        src="./img/products/01.1.jpg"
      />
    </Link>
    <figcaption
      className="fig-caption"
    >
      <Button
        onClick={[Function]}
      />
      <CardModal
        imagesSources={
          Array [
            Object {
              "backgroundColor": "url(\\"https://cdn11.bigcommerce.com/s-3y69bgeked/images/stencil/768w/attribute_value_images/73764.preview.jpg?t=1630492842)\\"",
              "imgAlt": "Image of women in a dress",
              "src": "./img/products/01.0.jpg",
              "srcHover": "./img/products/01.1.jpg",
              "text": "$44.00",
              "title": "Fiercely Fabulous Leopard Ruched Mini Dress",
            },
          ]
        }
        open={false}
        setIsModalOpen={[Function]}
      />
    </figcaption>
  </figure>
  <div
    className="card-body"
  >
    <Link
      to="#"
    >
      <h4
        className="card-title"
      />
    </Link>
    <p
      className="card-text"
    />
  </div>
  <div
    className="card-swatches"
  >
    <div
      className="radio"
      key="0"
    >
      <input
        id="radio1"
        name="swatch"
        onClick={[Function]}
        type="radio"
        value={0}
      />
      <label
        className="radio-label"
        htmlFor=""
        id="radio1"
      >
        <span
          style={
            Object {
              "background": "url(\\"https://cdn11.bigcommerce.com/s-3y69bgeked/images/stencil/768w/attribute_value_images/73764.preview.jpg?t=1630492842)\\"",
            }
          }
        />
      </label>
    </div>
  </div>
</div>
`;
