// Jest Snapshot v1, https://goo.gl/fbAQLP

exports[`Footer snapshot - shallow 1`] = `
<styled.footer>
  <styled.div>
    <h1>
      <Memo(NavItem)
        linkTo="/"
        text="DressUp"
      />
       Â©
    </h1>
    <ul>
      <li>
        <Memo(NavItem)
          iconClass="fab fa-twitter social-media"
          linkTo="#"
        />
      </li>
      <li>
        <Memo(NavItem)
          iconClass="fab fa-instagram social-media"
          linkTo="#"
        />
      </li>
      <li>
        <Memo(NavItem)
          iconClass="fab fa-youtube social-media"
          linkTo="#"
        />
      </li>
    </ul>
  </styled.div>
</styled.footer>
`;
