// Jest Snapshot v1, https://goo.gl/fbAQLP

exports[`Home snapshot - render 1`] = `
Array [
  <section
    class="home-intro"
  />,
  <section
    class="home-description"
  >
    <h2>
      Trendy Clothing & Accessories at Dress Up - An Online Dress Boutique
    </h2>
    <p>
      DRESS UP IS A WOMEN'S CLOTHING BOUTIQUE CARRYING A VARIETY OF FITS, STYLES, AND PATTERNS FOR WOMEN OF ALL AGES, SHAPES, AND SIZES. WE OFFER A DIVERSE COLLECTION OF NEW PRODUCTS EVERY SINGLE WEEK, INCLUDING YOUR FAVORITE CLOTHING ITEMS: CUTE ROMPERS, MAXI DRESSES, KNIT SWEATERS, OVERSIZED TOPS, AND LIGHTWEIGHT CARDIGANS, AS WELL AS TRENDY SHOES, ACCESSORIES, JEWELRY, ACTIVEWEAR, LOUNGEWEAR, AND SO MUCH MORE. DRESS UP'S TRENDY, YET WEARABLE CLOTHES WILL HAVE YOU FEELING LIKE YOUR BEST SELF, NO MATTER WHERE YOU'RE HEADED. YOU CAN SHOP WITH US ONLINE OR AT ANY OF OUR RETAIL LOCATIONS ACROSS THE SOUTHEAST, INCLUDING STORES IN GEORGIA, ALABAMA, SOUTH CAROLINA, AND TENNESSEE. GET FREE SHIPPING ON ALL ORDERS OVER $49, AND FEEL FREE TO REACH OUT TO US AT 678.989.2006 WITH ANY QUESTIONS. DON'T MISS OUT - COME SEE WHY DRESS UP IS ONE OF THE FASTEST GROWING ONLINE DRESS BOUTIQUES IN THE UNITED STATES!
    </p>
    <a
      href="/"
    >
      <button>
        SHOP OUR NEWEST ARRIVALS
      </button>
    </a>
  </section>,
  <section
    class="home-gallery"
  >
    <div
      class="gallery-new-shoes"
    >
      <h2>
        NEW SHOES
      </h2>
      <p>
        We just dropped new fall shoe styles, and they are all ON SALE! Shop new combat boots, booties, mules, sneakers & more!
      </p>
      <a
        href="/"
      >
        <button>
          SHOP SHOES
        </button>
      </a>
    </div>
    <div
      class="gallery-accessories"
    >
      <h2>
        Accessories
      </h2>
      <p>
        Take your fall outfit to the next level with new accessories! The perfect trendy handbag, dainty gold necklace, coin bracelet or statement earrings will upgrade any look.
      </p>
      <a
        href="/"
      >
        <button>
          SHOP ACCESSORIES
        </button>
      </a>
    </div>
    <img
      class="gallery1"
      src="./img/home/gallery/gallery-1.2.jpg"
    />
    <img
      class="gallery2"
      src="./img/home/gallery/gallery-2.1.jpg"
    />
    <img
      class="gallery3"
      src="./img/home/gallery/gallery-3.1.jpg"
    />
  </section>,
  <section
    class="home-products"
  >
    <div
      class="products-title"
    >
      <span
        class="horizontal-line"
      />
      <h2>
        NEW PRODUCTS
      </h2>
      <span
        class="horizontal-line"
      />
    </div>
    <div
      class="cards"
    >
      <div
        class="sc-jSgvzq jJOCMs rec rec-carousel-wrapper "
      >
        <div
          class="sc-eCstlR bwgQCB rec rec-carousel"
          style="height:0"
        >
          <button
            class="sc-bdfBQB eRmJbc rec rec-arrow rec rec-arrow-left"
            disabled=""
            tabindex="0"
            type="button"
          >
            ‚ùÆ
          </button>
          <div
            class="sc-dlfnuX bVibPY rec rec-slider-container"
          >
            <div
              class="sc-hKgJUU hUugPI rec rec-slider"
              style="transition:all 500ms ease;left:0px;right:auto;top:auto"
            >
              <div
                class="rec rec-swipable"
                style="display:flex;flex-direction:row"
              >
                <div
                  class="rec rec-carousel-item rec-carousel-item-0 rec-carousel-item-visible"
                >
                  <div
                    class="sc-gsTEea eQpvzW rec rec-item-wrapper"
                    id="0"
                    style="width:0px;padding:0px 0px 0px 0px"
                  >
                    <div
                      class="card"
                    >
                      <figure
                        class="card-figure"
                      >
                        <a
                          class="card-image-link"
                          href="/"
                        >
                          <img
                            alt="Image of women in a dress"
                            class=" card-image card-image-normal"
                            src="./img/products/1.JPG"
                          />
                          <img
                            alt="Image of women in a dress"
                            class="card-image  card-image-alt"
                            src="./img/products/1.2.webp"
                          />
                        </a>
                        <figcaption
                          class="fig-caption"
                        >
                          <a
                            href="/"
                          />
                        </figcaption>
                      </figure>
                      <div
                        class="card-body"
                      >
                        <a
                          href="/"
                        >
                          <h4
                            class="card-title"
                          >
                            Fiercely Fabulous Leopard Ruched Mini Dress
                          </h4>
                        </a>
                        <p
                          class="card-text"
                        >
                          $44.00
                        </p>
                      </div>
                      <div
                        class="card-swatches"
                      />
                    </div>
                  </div>
                </div>
                <div
                  class="rec rec-carousel-item rec-carousel-item-1 rec-carousel-item-hidden rec-carousel-item-next"
                >
                  <div
                    class="sc-gsTEea eQpvzW rec rec-item-wrapper"
                    id="1"
                    style="width:0px;padding:0px 0px 0px 0px"
                  >
                    <div
                      class="card"
                    >
                      <figure
                        class="card-figure"
                      >
                        <a
                          class="card-image-link"
                          href="/"
                        >
                          <img
                            alt="Image of women in a dress"
                            class=" card-image card-image-normal"
                            src="./img/products/2.webp"
                          />
                          <img
                            alt="Image of women in a dress"
                            class="card-image  card-image-alt"
                            src="./img/products/2.1.webp"
                          />
                        </a>
                        <figcaption
                          class="fig-caption"
                        >
                          <a
                            href="/"
                          />
                        </figcaption>
                      </figure>
                      <div
                        class="card-body"
                      >
                        <a
                          href="/"
                        >
                          <h4
                            class="card-title"
                          >
                            Tame My Heart Leopard Tie-Front Dress
                          </h4>
                        </a>
                        <p
                          class="card-text"
                        >
                          $40.00
                        </p>
                      </div>
                      <div
                        class="card-swatches"
                      />
                    </div>
                  </div>
                </div>
                <div
                  class="rec rec-carousel-item rec-carousel-item-2 rec-carousel-item-hidden"
                >
                  <div
                    class="sc-gsTEea eQpvzW rec rec-item-wrapper"
                    id="2"
                    style="width:0px;padding:0px 0px 0px 0px"
                  >
                    <div
                      class="card"
                    >
                      <figure
                        class="card-figure"
                      >
                        <a
                          class="card-image-link"
                          href="/"
                        >
                          <img
                            alt="Image of women in a dress"
                            class=" card-image card-image-normal"
                            src="./img/products/3.webp"
                          />
                          <img
                            alt="Image of women in a dress"
                            class="card-image  card-image-alt"
                            src="./img/products/3.1.webp"
                          />
                        </a>
                        <figcaption
                          class="fig-caption"
                        >
                          <a
                            href="/"
                          />
                        </figcaption>
                      </figure>
                      <div
                        class="card-body"
                      >
                        <a
                          href="/"
                        >
                          <h4
                            class="card-title"
                          >
                            Keepin' It Chic Tiered Dress 
                          </h4>
                        </a>
                        <p
                          class="card-text"
                        >
                          $33.00
                        </p>
                      </div>
                      <div
                        class="card-swatches"
                      />
                    </div>
                  </div>
                </div>
                <div
                  class="rec rec-carousel-item rec-carousel-item-3 rec-carousel-item-hidden"
                >
                  <div
                    class="sc-gsTEea eQpvzW rec rec-item-wrapper"
                    id="3"
                    style="width:0px;padding:0px 0px 0px 0px"
                  >
                    <div
                      class="card"
                    >
                      <figure
                        class="card-figure"
                      >
                        <a
                          class="card-image-link"
                          href="/"
                        >
                          <img
                            alt="Image of women in a dress"
                            class=" card-image card-image-normal"
                            src="./img/products/4.webp"
                          />
                          <img
                            alt="Image of women in a dress"
                            class="card-image  card-image-alt"
                            src="./img/products/4.1.JPG"
                          />
                        </a>
                        <figcaption
                          class="fig-caption"
                        >
                          <a
                            href="/"
                          />
                        </figcaption>
                      </figure>
                      <div
                        class="card-body"
                      >
                        <a
                          href="/"
                        >
                          <h4
                            class="card-title"
                          >
                            Walk The Walk Mini Skirt
                          </h4>
                        </a>
                        <p
                          class="card-text"
                        >
                          $39.00
                        </p>
                      </div>
                      <div
                        class="card-swatches"
                      />
                    </div>
                  </div>
                </div>
                <div
                  class="rec rec-carousel-item rec-carousel-item-4 rec-carousel-item-hidden"
                >
                  <div
                    class="sc-gsTEea eQpvzW rec rec-item-wrapper"
                    id="4"
                    style="width:0px;padding:0px 0px 0px 0px"
                  >
                    <div
                      class="card"
                    >
                      <figure
                        class="card-figure"
                      >
                        <a
                          class="card-image-link"
                          href="/"
                        >
                          <img
                            alt="Image of women in a dress"
                            class=" card-image card-image-normal"
                            src="./img/products/5.JPG"
                          />
                          <img
                            alt="Image of women in a dress"
                            class="card-image  card-image-alt"
                            src="./img/products/5.1.JPG"
                          />
                        </a>
                        <figcaption
                          class="fig-caption"
                        >
                          <a
                            href="/"
                          />
                        </figcaption>
                      </figure>
                      <div
                        class="card-body"
                      >
                        <a
                          href="/"
                        >
                          <h4
                            class="card-title"
                          >
                            Just The One Floral Dress - Mustard
                          </h4>
                        </a>
                        <p
                          class="card-text"
                        >
                          $44.00
                        </p>
                      </div>
                      <div
                        class="card-swatches"
                      />
                    </div>
                  </div>
                </div>
                <div
                  class="rec rec-carousel-item rec-carousel-item-5 rec-carousel-item-hidden"
                >
                  <div
                    class="sc-gsTEea eQpvzW rec rec-item-wrapper"
                    id="5"
                    style="width:0px;padding:0px 0px 0px 0px"
                  >
                    <div
                      class="card"
                    >
                      <figure
                        class="card-figure"
                      >
                        <a
                          class="card-image-link"
                          href="/"
                        >
                          <img
                            alt="Image of women in a dress"
                            class=" card-image card-image-normal"
                            src="./img/products/6.webp"
                          />
                          <img
                            alt="Image of women in a dress"
                            class="card-image  card-image-alt"
                            src="./img/products/6.1.webp"
                          />
                        </a>
                        <figcaption
                          class="fig-caption"
                        >
                          <a
                            href="/"
                          />
                        </figcaption>
                      </figure>
                      <div
                        class="card-body"
                      >
                        <a
                          href="/"
                        >
                          <h4
                            class="card-title"
                          >
                            Iconic Style Tie-Front Blouse
                          </h4>
                        </a>
                        <p
                          class="card-text"
                        >
                          $35.00
                        </p>
                      </div>
                      <div
                        class="card-swatches"
                      />
                    </div>
                  </div>
                </div>
                <div
                  class="rec rec-carousel-item rec-carousel-item-6 rec-carousel-item-hidden"
                >
                  <div
                    class="sc-gsTEea eQpvzW rec rec-item-wrapper"
                    id="6"
                    style="width:0px;padding:0px 0px 0px 0px"
                  >
                    <div
                      class="card"
                    >
                      <figure
                        class="card-figure"
                      >
                        <a
                          class="card-image-link"
                          href="/"
                        >
                          <img
                            alt="Image of women in a dress"
                            class=" card-image card-image-normal"
                            src="./img/products/7.JPG"
                          />
                          <img
                            alt="Image of women in a dress"
                            class="card-image  card-image-alt"
                            src="./img/products/7.1.JPG"
                          />
                        </a>
                        <figcaption
                          class="fig-caption"
                        >
                          <a
                            href="/"
                          />
                        </figcaption>
                      </figure>
                      <div
                        class="card-body"
                      >
                        <a
                          href="/"
                        >
                          <h4
                            class="card-title"
                          >
                            Wild Spirit Leopard Babydoll Dress
                          </h4>
                        </a>
                        <p
                          class="card-text"
                        >
                          $41.00
                        </p>
                      </div>
                      <div
                        class="card-swatches"
                      />
                    </div>
                  </div>
                </div>
                <div
                  class="rec rec-carousel-item rec-carousel-item-7 rec-carousel-item-hidden"
                >
                  <div
                    class="sc-gsTEea eQpvzW rec rec-item-wrapper"
                    id="7"
                    style="width:0px;padding:0px 0px 0px 0px"
                  >
                    <div
                      class="card"
                    >
                      <figure
                        class="card-figure"
                      >
                        <a
                          class="card-image-link"
                          href="/"
                        >
                          <img
                            alt="Image of women in a dress"
                            class=" card-image card-image-normal"
                            src="./img/products/8.webp"
                          />
                          <img
                            alt="Image of women in a dress"
                            class="card-image  card-image-alt"
                            src="./img/products/8.1.webp"
                          />
                        </a>
                        <figcaption
                          class="fig-caption"
                        >
                          <a
                            href="/"
                          />
                        </figcaption>
                      </figure>
                      <div
                        class="card-body"
                      >
                        <a
                          href="/"
                        >
                          <h4
                            class="card-title"
                          >
                            Wild Impression Leopard Blouse
                          </h4>
                        </a>
                        <p
                          class="card-text"
                        >
                          $33.00
                        </p>
                      </div>
                      <div
                        class="card-swatches"
                      />
                    </div>
                  </div>
                </div>
              </div>
            </div>
          </div>
          <button
            class="sc-bdfBQB khvUfi rec rec-arrow rec rec-arrow-right"
            tabindex="0"
            type="button"
          >
            ‚ùØ
          </button>
        </div>
        <div
          class="sc-iBPTik iHAfmq rec rec-pagination"
        >
          <button
            class="sc-gKseQn jJKuoL rec rec-dot rec rec-dot_active"
            tabindex="-1"
            type="button"
          />
          <button
            class="sc-gKseQn gQIqMI rec rec-dot "
            tabindex="0"
            type="button"
          />
          <button
            class="sc-gKseQn gQIqMI rec rec-dot "
            tabindex="0"
            type="button"
          />
          <button
            class="sc-gKseQn gQIqMI rec rec-dot "
            tabindex="0"
            type="button"
          />
          <button
            class="sc-gKseQn gQIqMI rec rec-dot "
            tabindex="0"
            type="button"
          />
          <button
            class="sc-gKseQn gQIqMI rec rec-dot "
            tabindex="0"
            type="button"
          />
          <button
            class="sc-gKseQn gQIqMI rec rec-dot "
            tabindex="0"
            type="button"
          />
          <button
            class="sc-gKseQn gQIqMI rec rec-dot "
            tabindex="0"
            type="button"
          />
        </div>
      </div>
    </div>
  </section>,
]
`;

exports[`Home snapshot - shallow 1`] = `
<Fragment>
  <section
    className="home-intro"
  />
  <HomeDescription />
  <HomeGallery />
  <HomeProducts />
</Fragment>
`;
